[13:43:58] [main/INFO] (FabricLoader/GameProvider) Loading Minecraft 1.20.1 with Fabric Loader 0.18.4
[13:43:59] [ForkJoinPool-1-worker-1/WARN] (FabricLoader/Metadata) Mod lavaarcade uses the version v260606-1 which isn't compatible with Loader's extended semantic version format (Could not parse version number component 'v260606'!), SemVer is recommended for reliably evaluating dependencies and prioritizing newer version
[13:43:59] [main/INFO] (FabricLoader) Loading 61 mods:
	- carpet 1.4.112+v230608
	- fabric-api 0.92.7+1.20.1
	- fabric-api-base 0.4.32+1802ada577
	- fabric-api-lookup-api-v1 1.6.37+1802ada577
	- fabric-biome-api-v1 13.0.15+93aa238b77
	- fabric-block-api-v1 1.0.12+1802ada577
	- fabric-block-view-api-v2 1.0.3+924f046a77
	- fabric-blockrenderlayer-v1 1.1.42+1802ada577
	- fabric-client-tags-api-v1 1.1.3+1802ada577
	- fabric-command-api-v1 1.2.35+f71b366f77
	- fabric-command-api-v2 2.2.14+1802ada577
	- fabric-commands-v0 0.2.52+df3654b377
	- fabric-containers-v0 0.1.67+df3654b377
	- fabric-content-registries-v0 4.0.13+1802ada577
	- fabric-convention-tags-v1 1.5.6+1802ada577
	- fabric-crash-report-info-v1 0.2.20+1802ada577
	- fabric-data-attachment-api-v1 1.0.2+de0fd6d177
	- fabric-data-generation-api-v1 12.3.7+1802ada577
	- fabric-dimensions-v1 2.1.55+1802ada577
	- fabric-entity-events-v1 1.6.1+1c78457f77
	- fabric-events-interaction-v0 0.6.5+13a40c6677
	- fabric-events-lifecycle-v0 0.2.64+df3654b377
	- fabric-game-rule-api-v1 1.0.41+1802ada577
	- fabric-gametest-api-v1 1.2.15+1802ada577
	- fabric-item-api-v1 2.1.29+1802ada577
	- fabric-item-group-api-v1 4.0.14+1802ada577
	- fabric-key-binding-api-v1 1.0.38+1802ada577
	- fabric-keybindings-v0 0.2.36+df3654b377
	- fabric-lifecycle-events-v1 2.2.23+1802ada577
	- fabric-loot-api-v2 1.2.3+1802ada577
	- fabric-loot-tables-v1 1.1.47+9e7660c677
	- fabric-message-api-v1 5.1.10+1802ada577
	- fabric-mining-level-api-v1 2.1.52+1802ada577
	- fabric-model-loading-api-v1 1.0.4+1802ada577
	- fabric-models-v0 0.4.3+9386d8a777
	- fabric-networking-api-v1 1.3.14+a158aa0477
	- fabric-networking-v0 0.3.54+df3654b377
	- fabric-object-builder-api-v1 11.1.5+e35120df77
	- fabric-particles-v1 1.1.3+1802ada577
	- fabric-recipe-api-v1 1.0.24+1802ada577
	- fabric-registry-sync-v0 2.3.6+1802ada577
	- fabric-renderer-api-v1 3.2.2+1802ada577
	- fabric-renderer-indigo 1.5.3+85287f9f77
	- fabric-renderer-registries-v1 3.2.47+df3654b377
	- fabric-rendering-data-attachment-v1 0.3.39+92a0d36777
	- fabric-rendering-fluids-v1 3.0.29+1802ada577
	- fabric-rendering-v0 1.1.50+df3654b377
	- fabric-rendering-v1 3.0.9+1802ada577
	- fabric-resource-conditions-api-v1 2.3.9+1802ada577
	- fabric-resource-loader-v0 0.11.12+fb82e9d777
	- fabric-screen-api-v1 2.0.9+1802ada577
	- fabric-screen-handler-api-v1 1.3.33+1802ada577
	- fabric-sound-api-v1 1.0.14+1802ada577
	- fabric-transfer-api-v1 3.3.6+8dd72ea377
	- fabric-transitive-access-wideners-v1 4.3.2+1802ada577
	- fabricloader 0.18.4
	- java 25
	- lavaarcade v260606-1
	- minecraft 1.20.1
	- mixinextras 0.5.0
	- modmenu 7.2.2
[13:44:18] [main/INFO] (FabricLoader/Mixin) SpongePowered MIXIN Subsystem Version=0.8.7 Source=file:/C:/Users/672/.gradle/caches/modules-2/files-2.1/net.fabricmc/sponge-mixin/0.17.0+mixin.0.8.7/cf31463202f72d03b0ef1e1e38e8ee71b7faaab6/sponge-mixin-0.17.0+mixin.0.8.7.jar Service=Knot/Fabric Env=CLIENT
[13:44:18] [main/INFO] (FabricLoader/Mixin) Loaded Fabric development mappings for mixin remapper!
[13:44:19] [main/INFO] (FabricLoader/Mixin) Compatibility level set to JAVA_16
[13:44:19] [main/INFO] (FabricLoader/Mixin) Compatibility level set to JAVA_17
[13:44:22] [main/INFO] (FabricLoader/MixinExtras|Service) Initializing MixinExtras via com.llamalad7.mixinextras.service.MixinExtrasServiceImpl(version=0.5.0).
[13:44:37] [Datafixer Bootstrap/INFO] (Minecraft) 188 Datafixer optimizations took 390 milliseconds
[13:44:38] [main/WARN] (FabricLoader/Mixin) Method overwrite conflict for getConnection in fabric-networking-api-v1.mixins.json:accessor.ServerPlayNetworkHandlerAccessor from mod fabric-networking-api-v1, previously written by carpet.mixins.ServerGamePacketListenerImpl_coreMixin. Skipping method.
[13:44:41] [Render thread/INFO] (Minecraft) [STDERR]: [LWJGL] [ThreadLocalUtil] Unsupported JNI version detected, this may result in a crash. Please inform LWJGL developers.
[13:44:42] [Render thread/INFO] (Minecraft) Environment: authHost='https://authserver.mojang.com', accountsHost='https://api.mojang.com', sessionHost='https://sessionserver.mojang.com', servicesHost='https://api.minecraftservices.com', name='PROD'
[13:44:44] [Render thread/ERROR] (Minecraft) Failed to verify authentication
com.mojang.authlib.exceptions.InvalidCredentialsException: Status: 401
	at com.mojang.authlib.exceptions.MinecraftClientHttpException.toAuthenticationException(MinecraftClientHttpException.java:56) ~[authlib-4.0.43.jar:?]
	at com.mojang.authlib.yggdrasil.YggdrasilUserApiService.fetchProperties(YggdrasilUserApiService.java:156) ~[authlib-4.0.43.jar:?]
	at com.mojang.authlib.yggdrasil.YggdrasilUserApiService.<init>(YggdrasilUserApiService.java:55) ~[authlib-4.0.43.jar:?]
	at com.mojang.authlib.yggdrasil.YggdrasilAuthenticationService.createUserApiService(YggdrasilAuthenticationService.java:124) ~[authlib-4.0.43.jar:?]
	at net.minecraft.client.MinecraftClient.createUserApiService(MinecraftClient.java:733) ~[minecraft-clientOnly-cd82f6e9a8-1.20.1-net.fabricmc.yarn.1_20_1.1.20.1+build.10-v2.jar:?]
	at net.minecraft.client.MinecraftClient.<init>(MinecraftClient.java:442) ~[minecraft-clientOnly-cd82f6e9a8-1.20.1-net.fabricmc.yarn.1_20_1.1.20.1+build.10-v2.jar:?]
	at net.minecraft.client.main.Main.main(Main.java:211) ~[minecraft-clientOnly-cd82f6e9a8-1.20.1-net.fabricmc.yarn.1_20_1.1.20.1+build.10-v2.jar:?]
	at net.fabricmc.loader.impl.game.minecraft.MinecraftGameProvider.launch(MinecraftGameProvider.java:514) ~[fabric-loader-0.18.4.jar:?]
	at net.fabricmc.loader.impl.launch.knot.Knot.launch(Knot.java:72) ~[fabric-loader-0.18.4.jar:?]
	at net.fabricmc.loader.impl.launch.knot.KnotClient.main(KnotClient.java:23) ~[fabric-loader-0.18.4.jar:?]
	at net.fabricmc.devlaunchinjector.Main.main(Main.java:86) ~[dev-launch-injector-0.2.1+build.8.jar:?]
Caused by: com.mojang.authlib.exceptions.MinecraftClientHttpException: Status: 401
	at com.mojang.authlib.minecraft.client.MinecraftClient.readInputStream(MinecraftClient.java:85) ~[authlib-4.0.43.jar:?]
	at com.mojang.authlib.minecraft.client.MinecraftClient.get(MinecraftClient.java:48) ~[authlib-4.0.43.jar:?]
	at com.mojang.authlib.yggdrasil.YggdrasilUserApiService.fetchProperties(YggdrasilUserApiService.java:129) ~[authlib-4.0.43.jar:?]
	... 9 more
[13:44:44] [Render thread/INFO] (Minecraft) Setting user: Player533
[13:44:44] [Render thread/INFO] (lavaarcade) LavaArcade 皮肤文件夹: C:\Users\672\LavaArcade\run\LavaArcade\skins
[13:44:44] [Render thread/INFO] (lavaarcade) LavaArcade 主模组初始化完成
[13:44:44] [Worker-Main-1/INFO] (Mod Menu/Update Checker) Checking mod updates...
[13:44:45] [Render thread/INFO] (Indigo) [Indigo] Registering Indigo renderer!
[13:44:45] [Render thread/INFO] (lavaarcade-client) LavaArcade 客户端初始化...
[13:44:45] [Render thread/INFO] (lavaarcade-client) LavaArcade 客户端初始化完成。
[13:44:46] [Render thread/INFO] (Minecraft) Backend library: LWJGL version 3.3.2-snapshot
[13:44:49] [Render thread/INFO] (Minecraft) Reloading ResourceManager: vanilla, fabric (modmenu, fabric-api-lookup-api-v1, carpet, fabric-blockrenderlayer-v1, fabric-gametest-api-v1, fabric-message-api-v1, fabric-screen-api-v1, fabric-data-generation-api-v1, fabric-containers-v0, fabric-resource-conditions-api-v1, fabric-data-attachment-api-v1, fabric-mining-level-api-v1, fabric-networking-api-v1, fabric-client-tags-api-v1, fabric-renderer-registries-v1, fabric-block-view-api-v2, fabric-convention-tags-v1, fabric-lifecycle-events-v1, fabric-loot-tables-v1, fabric-dimensions-v1, fabric-item-api-v1, fabric-entity-events-v1, fabric-networking-v0, fabric-keybindings-v0, fabric-model-loading-api-v1, fabric-command-api-v1, fabric-biome-api-v1, fabric-particles-v1, fabric-renderer-api-v1, fabric-transitive-access-wideners-v1, fabric-loot-api-v2, fabric-resource-loader-v0, fabric-object-builder-api-v1, fabric-events-lifecycle-v0, fabric-game-rule-api-v1, fabric-renderer-indigo, fabric-item-group-api-v1, fabric-crash-report-info-v1, fabric-api-base, fabric-events-interaction-v0, fabric-content-registries-v0, fabric-registry-sync-v0, fabric-recipe-api-v1, fabricloader, fabric-transfer-api-v1, fabric-api, fabric-rendering-v1, fabric-key-binding-api-v1, lavaarcade, fabric-rendering-data-attachment-v1, fabric-command-api-v2, fabric-rendering-v0, fabric-block-api-v1, fabric-models-v0, fabric-commands-v0, fabric-sound-api-v1, fabric-screen-handler-api-v1, fabric-rendering-fluids-v1)
[13:44:49] [Worker-Main-2/INFO] (Minecraft) Found unifont_all_no_pua-15.0.06.hex, loading
[13:44:50] [Realms Notification Availability checker #1/INFO] (Minecraft) Could not authorize you against Realms server: java.lang.RuntimeException: Failed to parse into SignedJWT: FabricMC
[13:44:54] [Render thread/WARN] (Minecraft) Missing sound for event: minecraft:item.goat_horn.play
[13:44:54] [Render thread/WARN] (Minecraft) Missing sound for event: minecraft:entity.goat.screaming.horn_break
[13:44:54] [Render thread/INFO] (Minecraft) OpenAL initialized on device OpenAL Soft on EDIFIER MR3BT (FRANSUN  KT02H20)
[13:44:54] [Render thread/INFO] (Minecraft) Sound engine started
[13:44:55] [Render thread/INFO] (Minecraft) Created: 1024x512x0 minecraft:textures/atlas/blocks.png-atlas
[13:44:55] [Render thread/INFO] (Minecraft) Created: 256x256x0 minecraft:textures/atlas/signs.png-atlas
[13:44:55] [Render thread/INFO] (Minecraft) Created: 512x512x0 minecraft:textures/atlas/shield_patterns.png-atlas
[13:44:55] [Render thread/INFO] (Minecraft) Created: 512x512x0 minecraft:textures/atlas/banner_patterns.png-atlas
[13:44:55] [Render thread/INFO] (Minecraft) Created: 1024x1024x0 minecraft:textures/atlas/armor_trims.png-atlas
[13:44:55] [Render thread/INFO] (Minecraft) Created: 128x64x0 minecraft:textures/atlas/decorated_pot.png-atlas
[13:44:55] [Render thread/INFO] (Minecraft) Created: 256x256x0 minecraft:textures/atlas/chest.png-atlas
[13:44:55] [Render thread/INFO] (Minecraft) Created: 512x256x0 minecraft:textures/atlas/shulker_boxes.png-atlas
[13:44:55] [Render thread/INFO] (Minecraft) Created: 512x256x0 minecraft:textures/atlas/beds.png-atlas
[13:44:56] [Render thread/WARN] (Minecraft) Shader rendertype_entity_translucent_emissive could not find sampler named Sampler2 in the specified shader program.
[13:44:56] [Render thread/INFO] (Minecraft) Created: 256x256x0 minecraft:textures/atlas/particles.png-atlas
[13:44:56] [Render thread/INFO] (Minecraft) Created: 256x256x0 minecraft:textures/atlas/paintings.png-atlas
[13:44:56] [Render thread/INFO] (Minecraft) Created: 128x128x0 minecraft:textures/atlas/mob_effects.png-atlas
[13:45:24] [Render thread/INFO] (Minecraft) Loaded 7 recipes
[13:45:25] [Render thread/INFO] (Minecraft) Loaded 1271 advancements
[13:45:26] [Render thread/INFO] (BiomeModificationImpl) Applied 0 biome modifications to 0 of 64 new biomes in 2.379 ms
[13:45:26] [Server thread/INFO] (Minecraft) Starting integrated minecraft server version 1.20.1
[13:45:26] [Server thread/INFO] (Minecraft) Generating keypair
[13:45:33] [Server thread/INFO] (Minecraft) Preparing start region for dimension minecraft:overworld
[13:45:43] [Render thread/INFO] (Minecraft) 准备生成区域中：0%
[13:45:43] [Render thread/INFO] (Minecraft) 准备生成区域中：0%
[13:45:43] [Render thread/INFO] (Minecraft) 准备生成区域中：0%
[13:45:43] [Render thread/INFO] (Minecraft) 准备生成区域中：0%
[13:45:43] [Render thread/INFO] (Minecraft) 准备生成区域中：0%
[13:45:43] [Render thread/INFO] (Minecraft) 准备生成区域中：0%
[13:45:43] [Render thread/INFO] (Minecraft) 准备生成区域中：0%
[13:45:43] [Render thread/INFO] (Minecraft) 准备生成区域中：0%
[13:45:43] [Render thread/INFO] (Minecraft) 准备生成区域中：0%
[13:45:43] [Render thread/INFO] (Minecraft) 准备生成区域中：0%
[13:45:43] [Render thread/INFO] (Minecraft) 准备生成区域中：0%
[13:45:43] [Render thread/INFO] (Minecraft) 准备生成区域中：0%
[13:45:43] [Render thread/INFO] (Minecraft) 准备生成区域中：0%
[13:45:43] [Render thread/INFO] (Minecraft) 准备生成区域中：0%
[13:45:43] [Render thread/INFO] (Minecraft) 准备生成区域中：0%
[13:45:43] [Render thread/INFO] (Minecraft) 准备生成区域中：0%
[13:45:43] [Render thread/INFO] (Minecraft) 准备生成区域中：0%
[13:45:43] [Render thread/INFO] (Minecraft) 准备生成区域中：0%
[13:45:43] [Render thread/INFO] (Minecraft) 准备生成区域中：0%
[13:45:43] [Render thread/INFO] (Minecraft) 准备生成区域中：0%
[13:45:43] [Render thread/INFO] (Minecraft) 准备生成区域中：0%
[13:45:43] [Render thread/INFO] (Minecraft) 准备生成区域中：0%
[13:45:44] [Render thread/INFO] (Minecraft) 准备生成区域中：7%
[13:45:44] [Render thread/INFO] (Minecraft) 准备生成区域中：23%
[13:45:45] [Render thread/INFO] (Minecraft) 准备生成区域中：36%
[13:45:45] [Render thread/INFO] (Minecraft) 准备生成区域中：59%
[13:45:46] [Render thread/INFO] (Minecraft) 准备生成区域中：84%
[13:45:47] [Render thread/INFO] (Minecraft) 准备生成区域中：98%
[13:45:47] [Render thread/INFO] (Minecraft) Time elapsed: 13921 ms
[13:45:52] [Server thread/WARN] (Minecraft) Can't keep up! Is the server overloaded? Running 5322ms or 106 ticks behind
[13:45:52] [Server thread/INFO] (Minecraft) Changing view distance to 3, from 10
[13:45:52] [Server thread/INFO] (Minecraft) Changing simulation distance to 5, from 0
[13:45:54] [Server thread/INFO] (Minecraft) Player533[local:E:0b12a7ca] logged in with entity id 140 at (-14.021842529253448, 64.40031148223517, 2.5416307112501384)
[13:45:55] [Server thread/INFO] (Minecraft) hero_420[local] logged in with entity id 142 at (0.0, 64.0, 0.0)
[13:45:55] [Server thread/INFO] (Minecraft) hero_420加入了游戏
[13:45:55] [Server thread/INFO] (Minecraft) 已将hero_420传送至-8.360000, 62.000000, 8.610000
[13:45:55] [Server thread/INFO] (NPCManager) AI hero_420 传送到 ({:.2f}, {:.2f}, {:.2f})
[13:45:55] [Server thread/INFO] (AIPlayer) AI hero_420 性格: 严肃型
[13:45:55] [Server thread/INFO] (NPCManager) 包装并添加 AI: hero_420, 当前 aiPlayers 数量: 1
[13:45:56] [Server thread/INFO] (Minecraft) GODGHOST[local] logged in with entity id 143 at (0.0, 64.0, 0.0)
[13:45:56] [Server thread/INFO] (Minecraft) GODGHOST加入了游戏
[13:45:56] [Server thread/INFO] (Minecraft) 已将GODGHOST传送至-9.550000, 65.000000, 12.820000
[13:45:56] [Server thread/INFO] (NPCManager) AI GodGhost 传送到 ({:.2f}, {:.2f}, {:.2f})
[13:45:56] [Server thread/INFO] (AIPlayer) AI GODGHOST 性格: 严肃型
[13:45:56] [Server thread/INFO] (NPCManager) 包装并添加 AI: GODGHOST, 当前 aiPlayers 数量: 2
[13:45:56] [Server thread/INFO] (Minecraft) Knight_Carrot[local] logged in with entity id 144 at (0.0, 64.0, 0.0)
[13:45:56] [Server thread/INFO] (Minecraft) Knight_Carrot加入了游戏
[13:45:56] [Server thread/INFO] (Minecraft) 已将Knight_Carrot传送至-6.820000, 60.000000, 7.600000
[13:45:56] [Server thread/INFO] (NPCManager) AI knight_carrot 传送到 ({:.2f}, {:.2f}, {:.2f})
[13:45:56] [Server thread/INFO] (AIPlayer) AI Knight_Carrot 性格: 严肃型
[13:45:56] [Server thread/INFO] (NPCManager) 包装并添加 AI: Knight_Carrot, 当前 aiPlayers 数量: 3
[13:45:57] [Server thread/INFO] (Minecraft) Warrior_Hawk[local] logged in with entity id 145 at (0.0, 64.0, 0.0)
[13:45:57] [Server thread/INFO] (Minecraft) Warrior_Hawk加入了游戏
[13:45:57] [Server thread/INFO] (Minecraft) 已将Warrior_Hawk传送至-18.230000, 70.000000, 16.300000
[13:45:57] [Server thread/INFO] (NPCManager) AI warrior_hawk 传送到 ({:.2f}, {:.2f}, {:.2f})
[13:45:57] [Server thread/INFO] (AIPlayer) AI Warrior_Hawk 性格: 严肃型
[13:45:57] [Server thread/INFO] (NPCManager) 包装并添加 AI: Warrior_Hawk, 当前 aiPlayers 数量: 4
[13:45:57] [Server thread/INFO] (Minecraft) Echo36[local] logged in with entity id 146 at (0.0, 64.0, 0.0)
[13:45:57] [Server thread/INFO] (Minecraft) Echo36加入了游戏
[13:45:57] [Server thread/INFO] (Minecraft) 已将Echo36传送至-18.390000, 63.000000, -0.500000
[13:45:57] [Server thread/INFO] (NPCManager) AI EcHo36 传送到 ({:.2f}, {:.2f}, {:.2f})
[13:45:57] [Server thread/INFO] (AIPlayer) AI Echo36 性格: 严肃型
[13:45:57] [Server thread/INFO] (NPCManager) 包装并添加 AI: Echo36, 当前 aiPlayers 数量: 5
[13:45:58] [Server thread/INFO] (Minecraft) KingPanda[local] logged in with entity id 147 at (0.0, 64.0, 0.0)
[13:45:58] [Server thread/INFO] (Minecraft) KingPanda加入了游戏
[13:45:58] [Server thread/INFO] (Minecraft) 已将KingPanda传送至-14.020000, 64.400000, 2.540000
[13:45:58] [Server thread/INFO] (NPCManager) AI KingPanda 传送到 ({:.2f}, {:.2f}, {:.2f})
[13:45:58] [Server thread/INFO] (AIPlayer) AI KingPanda 性格: 整活型
[13:45:58] [Server thread/INFO] (NPCManager) 包装并添加 AI: KingPanda, 当前 aiPlayers 数量: 6
[13:45:58] [Server thread/INFO] (NPCManager) 为玩家 Player533 补足 6 个AI
[13:45:58] [Server thread/INFO] (Minecraft) Player533加入了游戏
[13:45:58] [Server thread/INFO] (Minecraft) Player533完成了挑战[残骸裹身]
[13:45:59] [Render thread/INFO] (Minecraft) [System] [CHAT] Player533完成了挑战[残骸裹身]
[13:45:59] [Render thread/INFO] (Minecraft) Loaded 34 advancements
[13:46:12] [Server thread/WARN] (Minecraft) Can't keep up! Is the server overloaded? Running 4853ms or 97 ticks behind
[13:46:34] [Render thread/INFO] (Minecraft) [System] [CHAT] 已将截图保存为2026-06-06_13.46.34.png
[13:47:02] [Server thread/INFO] (Minecraft) Saving and pausing game...
[13:47:02] [Server thread/INFO] (Minecraft) Saving chunks for level 'ServerLevel[新的世界]'/minecraft:overworld
[13:47:02] [Server thread/INFO] (Minecraft) Saving chunks for level 'ServerLevel[新的世界]'/minecraft:the_end
[13:47:02] [Server thread/INFO] (Minecraft) Saving chunks for level 'ServerLevel[新的世界]'/minecraft:the_nether
[13:47:05] [Render thread/INFO] (Minecraft) [System] [CHAT] §e部分选项需要重新加载智能玩家才能生效
[13:47:13] [Server thread/INFO] (Minecraft) Saving and pausing game...
[13:47:13] [Server thread/INFO] (Minecraft) Saving chunks for level 'ServerLevel[新的世界]'/minecraft:overworld
[13:47:13] [Server thread/INFO] (Minecraft) Saving chunks for level 'ServerLevel[新的世界]'/minecraft:the_end
[13:47:14] [Server thread/INFO] (Minecraft) Saving chunks for level 'ServerLevel[新的世界]'/minecraft:the_nether
[13:47:23] [Render thread/INFO] (Minecraft) [System] [CHAT] §aONNX 模型已启用，请执行 /lava reloadai 或重启游戏以应用
[13:47:29] [Server thread/INFO] (NPCManager) 所有AI已清除
[13:47:29] [Server thread/INFO] (Minecraft) hero_420 lost connection: Killed
[13:47:29] [Server thread/INFO] (Minecraft) hero_420退出了游戏
[13:47:29] [Render thread/INFO] (Minecraft) [System] [CHAT] §a已重新生成AI
[13:47:29] [Render thread/INFO] (Minecraft) [System] [CHAT] hero_420退出了游戏
[13:47:29] [Server thread/INFO] (Minecraft) GODGHOST lost connection: Killed
[13:47:29] [Server thread/INFO] (Minecraft) GODGHOST退出了游戏
[13:47:29] [Render thread/INFO] (Minecraft) [System] [CHAT] GODGHOST退出了游戏
[13:47:29] [Server thread/INFO] (Minecraft) Knight_Carrot lost connection: Killed
[13:47:29] [Server thread/INFO] (Minecraft) Knight_Carrot退出了游戏
[13:47:29] [Render thread/INFO] (Minecraft) [System] [CHAT] Knight_Carrot退出了游戏
[13:47:29] [Server thread/INFO] (Minecraft) Warrior_Hawk lost connection: Killed
[13:47:29] [Server thread/INFO] (Minecraft) Warrior_Hawk退出了游戏
[13:47:29] [Render thread/INFO] (Minecraft) [System] [CHAT] Warrior_Hawk退出了游戏
[13:47:29] [Server thread/INFO] (Minecraft) Echo36 lost connection: Killed
[13:47:29] [Server thread/INFO] (Minecraft) Echo36退出了游戏
[13:47:29] [Render thread/INFO] (Minecraft) [System] [CHAT] Echo36退出了游戏
[13:47:29] [Server thread/INFO] (Minecraft) KingPanda lost connection: Killed
[13:47:29] [Server thread/INFO] (Minecraft) KingPanda退出了游戏
[13:47:29] [Render thread/INFO] (Minecraft) [System] [CHAT] KingPanda退出了游戏
[13:47:30] [Server thread/INFO] (NPCManager) 所有AI已清除
[13:47:31] [Server thread/INFO] (Minecraft) potion28[local] logged in with entity id 356 at (0.0, 64.0, 0.0)
[13:47:31] [Server thread/INFO] (Minecraft) potion28加入了游戏
[13:47:31] [Render thread/INFO] (Minecraft) [System] [CHAT] potion28加入了游戏
[13:47:31] [Server thread/INFO] (Minecraft) 已将potion28传送至-12.190000, 68.480000, 15.270000
[13:47:31] [Server thread/INFO] (NPCManager) AI potion28 传送到 ({:.2f}, {:.2f}, {:.2f})
[13:47:31] [Server thread/INFO] (AIPlayer) AI potion28 性格: 中立型
[13:47:31] [Server thread/INFO] (ONNXUtils) ONNX 模型已解压到: C:\Users\672\LavaArcade\run\lavaarcache\default.onnx
[13:47:31] [Render thread/INFO] (Minecraft) [System] [CHAT] [Server: 已将potion28传送至-12.190000, 68.480000, 15.270000]
[13:47:32] [Server thread/INFO] (ONNXDecisionModule) ONNX 模型加载成功: C:\Users\672\LavaArcade\run\lavaarcache\default.onnx
[13:47:32] [Server thread/INFO] (AIPlayer) AI potion28 已加载 ONNX 模块
[13:47:32] [Server thread/INFO] (NPCManager) 包装并添加 AI: potion28, 当前 aiPlayers 数量: 1
[13:47:33] [Server thread/INFO] (Minecraft) 123[local] logged in with entity id 358 at (0.0, 64.0, 0.0)
[13:47:33] [Server thread/INFO] (Minecraft) 123加入了游戏
[13:47:33] [Render thread/INFO] (Minecraft) [System] [CHAT] 123加入了游戏
[13:47:33] [Server thread/INFO] (Minecraft) 已将123传送至-5.590000, 60.000000, 7.580000
[13:47:33] [Server thread/INFO] (NPCManager) AI 123 传送到 ({:.2f}, {:.2f}, {:.2f})
[13:47:33] [Server thread/INFO] (AIPlayer) AI 123 性格: 严肃型
[13:47:33] [Server thread/INFO] (ONNXDecisionModule) ONNX 模型加载成功: C:\Users\672\LavaArcade\run\lavaarcache\default.onnx
[13:47:33] [Server thread/INFO] (AIPlayer) AI 123 已加载 ONNX 模块
[13:47:33] [Server thread/INFO] (NPCManager) 包装并添加 AI: 123, 当前 aiPlayers 数量: 2
[13:47:33] [Render thread/INFO] (Minecraft) [System] [CHAT] [Server: 已将123传送至-5.590000, 60.000000, 7.580000]
[13:47:33] [Server thread/INFO] (Minecraft) poisonousgiant10[local] logged in with entity id 360 at (0.0, 64.0, 0.0)
[13:47:33] [Server thread/INFO] (Minecraft) poisonousgiant10加入了游戏
[13:47:33] [Render thread/INFO] (Minecraft) [System] [CHAT] poisonousgiant10加入了游戏
[13:47:33] [Server thread/INFO] (Minecraft) 已将poisonousgiant10传送至-1.080000, 67.000000, 13.670000
[13:47:33] [Server thread/INFO] (NPCManager) AI PoisonousGiant10 传送到 ({:.2f}, {:.2f}, {:.2f})
[13:47:33] [Server thread/INFO] (AIPlayer) AI poisonousgiant10 性格: 中立型
[13:47:33] [Render thread/INFO] (Minecraft) [System] [CHAT] [Server: 已将poisonousgiant10传送至-1.080000, 67.000000, 13.670000]
[13:47:33] [Server thread/INFO] (ONNXDecisionModule) ONNX 模型加载成功: C:\Users\672\LavaArcade\run\lavaarcache\default.onnx
[13:47:33] [Server thread/INFO] (AIPlayer) AI poisonousgiant10 已加载 ONNX 模块
[13:47:33] [Server thread/INFO] (NPCManager) 包装并添加 AI: poisonousgiant10, 当前 aiPlayers 数量: 3
[13:47:34] [Server thread/INFO] (Minecraft) trident_999[local] logged in with entity id 362 at (0.0, 64.0, 0.0)
[13:47:34] [Server thread/INFO] (Minecraft) trident_999加入了游戏
[13:47:34] [Render thread/INFO] (Minecraft) [System] [CHAT] trident_999加入了游戏
[13:47:34] [Server thread/INFO] (Minecraft) 已将trident_999传送至-14.380000, 64.000000, 0.960000
[13:47:34] [Server thread/INFO] (NPCManager) AI trident_999 传送到 ({:.2f}, {:.2f}, {:.2f})
[13:47:34] [Server thread/INFO] (AIPlayer) AI trident_999 性格: 中立型
[13:47:34] [Render thread/INFO] (Minecraft) [System] [CHAT] [Server: 已将trident_999传送至-14.380000, 64.000000, 0.960000]
[13:47:34] [Server thread/INFO] (ONNXDecisionModule) ONNX 模型加载成功: C:\Users\672\LavaArcade\run\lavaarcache\default.onnx
[13:47:34] [Server thread/INFO] (AIPlayer) AI trident_999 已加载 ONNX 模块
[13:47:34] [Server thread/INFO] (NPCManager) 包装并添加 AI: trident_999, 当前 aiPlayers 数量: 4
[13:47:34] [Server thread/INFO] (Minecraft) lexrco40[local] logged in with entity id 364 at (0.0, 64.0, 0.0)
[13:47:34] [Server thread/INFO] (Minecraft) lexrco40加入了游戏
[13:47:34] [Render thread/INFO] (Minecraft) [System] [CHAT] lexrco40加入了游戏
[13:47:34] [Server thread/INFO] (Minecraft) 已将lexrco40传送至-14.650000, 68.000000, 28.610000
[13:47:34] [Server thread/INFO] (NPCManager) AI LEXRCO40 传送到 ({:.2f}, {:.2f}, {:.2f})
[13:47:34] [Server thread/INFO] (AIPlayer) AI lexrco40 性格: 整活型
[13:47:34] [Render thread/INFO] (Minecraft) [System] [CHAT] [Server: 已将lexrco40传送至-14.650000, 68.000000, 28.610000]
[13:47:34] [Server thread/INFO] (ONNXDecisionModule) ONNX 模型加载成功: C:\Users\672\LavaArcade\run\lavaarcache\default.onnx
[13:47:34] [Server thread/INFO] (AIPlayer) AI lexrco40 已加载 ONNX 模块
[13:47:34] [Server thread/INFO] (NPCManager) 包装并添加 AI: lexrco40, 当前 aiPlayers 数量: 5
[13:47:35] [Server thread/INFO] (Minecraft) gtasmo[local] logged in with entity id 366 at (0.0, 64.0, 0.0)
[13:47:35] [Server thread/INFO] (Minecraft) gtasmo加入了游戏
[13:47:35] [Render thread/INFO] (Minecraft) [System] [CHAT] gtasmo加入了游戏
[13:47:35] [Server thread/INFO] (Minecraft) 已将gtasmo传送至-22.740000, 63.000000, 12.890000
[13:47:35] [Server thread/INFO] (NPCManager) AI gtasmo 传送到 ({:.2f}, {:.2f}, {:.2f})
[13:47:35] [Server thread/INFO] (AIPlayer) AI gtasmo 性格: 严肃型
[13:47:35] [Server thread/INFO] (ONNXDecisionModule) ONNX 模型加载成功: C:\Users\672\LavaArcade\run\lavaarcache\default.onnx
[13:47:35] [Server thread/INFO] (AIPlayer) AI gtasmo 已加载 ONNX 模块
[13:47:35] [Server thread/INFO] (NPCManager) 包装并添加 AI: gtasmo, 当前 aiPlayers 数量: 6
[13:47:35] [Server thread/INFO] (NPCManager) 为玩家 Player533 补足 6 个AI
[13:47:35] [Server thread/WARN] (Minecraft) Can't keep up! Is the server overloaded? Running 4497ms or 89 ticks behind
[13:47:35] [Render thread/INFO] (Minecraft) [System] [CHAT] [Server: 已将gtasmo传送至-22.740000, 63.000000, 12.890000]
[13:47:35] [Render thread/INFO] (Minecraft) [System] [CHAT] §a已重新生成AI
[13:47:36] [Server thread/ERROR] (Minecraft) Encountered an unexpected exception
java.lang.ArrayIndexOutOfBoundsException: arraycopy: last source index 4 out of bounds for float[2]
	at java.lang.System.arraycopy(Native Method) ~[?:?]
	at awa.qwq672.lavaarcade.ai.ONNXDecisionModule.tick(ONNXDecisionModule.java:53) ~[main/:?]
	at awa.qwq672.lavaarcade.ai.AIPlayer.tick(AIPlayer.java:413) ~[main/:?]
	at awa.qwq672.lavaarcade.ai.NPCManager.lambda$init$36(NPCManager.java:547) ~[main/:?]
	at net.fabricmc.fabric.api.event.lifecycle.v1.ServerTickEvents.lambda$static$2(ServerTickEvents.java:43) ~[fabric-lifecycle-events-v1-ceaf4ab3-common-2.2.23+1802ada577.jar:?]
	at net.minecraft.server.MinecraftServer.handler$zln000$fabric-lifecycle-events-v1$onEndTick(MinecraftServer.java:4362) ~[minecraft-common-cd82f6e9a8-1.20.1-net.fabricmc.yarn.1_20_1.1.20.1+build.10-v2.jar:?]
	at net.minecraft.server.MinecraftServer.tick(MinecraftServer.java:847) ~[minecraft-common-cd82f6e9a8-1.20.1-net.fabricmc.yarn.1_20_1.1.20.1+build.10-v2.jar:?]
	at net.minecraft.server.integrated.IntegratedServer.tick(IntegratedServer.java:105) ~[minecraft-clientOnly-cd82f6e9a8-1.20.1-net.fabricmc.yarn.1_20_1.1.20.1+build.10-v2.jar:?]
	at net.minecraft.server.MinecraftServer.handler$zbh000$carpet$modifiedRunLoop(MinecraftServer.java:6442) ~[minecraft-common-cd82f6e9a8-1.20.1-net.fabricmc.yarn.1_20_1.1.20.1+build.10-v2.jar:?]
	at net.minecraft.server.MinecraftServer.runServer(MinecraftServer.java:650) ~[minecraft-common-cd82f6e9a8-1.20.1-net.fabricmc.yarn.1_20_1.1.20.1+build.10-v2.jar:?]
	at net.minecraft.server.MinecraftServer.method_29739(MinecraftServer.java:265) ~[minecraft-common-cd82f6e9a8-1.20.1-net.fabricmc.yarn.1_20_1.1.20.1+build.10-v2.jar:?]
	at java.lang.Thread.run(Thread.java:1474) ~[?:?]
[13:47:37] [Server thread/ERROR] (Minecraft) This crash report has been saved to: C:\Users\672\LavaArcade\run\crash-reports\crash-2026-06-06_13.47.37-server.txt
[13:47:37] [Server thread/INFO] (Minecraft) Stopping server
[13:47:37] [Server thread/INFO] (Minecraft) Saving players
